TAP version 13
# Subtest: QA consumes the foundation clock at the exact inquiry expiry boundary
ok 1 - QA consumes the foundation clock at the exact inquiry expiry boundary
  ---
  duration_ms: 79.9683
  ...
# Subtest: QA uses the approved memory sandbox; retry is stable and raw OTP is rejected
ok 2 - QA uses the approved memory sandbox; retry is stable and raw OTP is rejected
  ---
  duration_ms: 2.6506
  ...
# Subtest: QA fixture consumer stays on its published query purpose without treating it as production authorization
ok 3 - QA fixture consumer stays on its published query purpose without treating it as production authorization
  ---
  duration_ms: 3.8311
  ...
1..3
# tests 3
# suites 0
# pass 3
# fail 0
# cancelled 0
# skipped 0
# todo 0
# duration_ms 201.2783
